Base: 🎯, 
Web: 🌐, 
iOS: 📱, black, darkGray, lightGray, white, gray, red, green, blue, cyan, yellow, magenta, orange, purple, brown, clear
Android: 🤖, 
macOS: 💻, 