Base Heading 0.4
Base Subhead 0.49
Body 0.5
Body 2 1.5
Highlight 
Large Heading 
home.sub/inner/#primary_300/L 