Base Heading 26
Base Subhead 22.53
Body 
Body 2 24
Highlight 
Large Heading 24