baseheading
BASE_HEADING
LUCIDAGRANDE-BOLD
LucidaGrande_Bold
LucidaGrande_Bold
lucidagrande_bold
==============================================
basesubhead
BASE_SUBHEAD
LUCIDAGRANDE-BOLD
LucidaGrande_Bold
LucidaGrande_Bold
lucidagrande_bold
==============================================
body
BODY
LUCIDAGRANDE
LucidaGrande
LucidaGrande
lucidagrande
==============================================
body2
BODY_2
MYCUSTOMFONT-REGULAR
MyCustomFont_Regular
MyCustomFont_Regular
mycustomfont_regular
==============================================
highlight
HIGHLIGHT
APPLEGOTHIC
AppleGothic
AppleGothic
applegothic
==============================================
largeheading
LARGE_HEADING
MYCUSTOMFONT-LIGHT
MyCustomFont_Light
MyCustomFont_Light
mycustomfont_light
==============================================