/// This file was generated using Prism, Gett's Design System code generator.
/// https://github.com/GettEngineering/Prism

fake line 1
fake line 2

Some Structure {
    blueSky, blue_sky = 98, 182, 223, 1.00, #ff62b6df
    clearReddish, clear_reddish = 223, 99, 105, 0.80, #ccdf6369
}